---
source: tests/render.rs
assertion_line: 115
expression: "render_to_string(markdown_file, &ansi_settings)"
input_file: tests/markdown/commonmark-spec/274-list_items.md
---
 1. 
    [32m╭──────────────────────────────────────────────────────────────────────────╮[0m
    [32m│ [0m indented code                                                          [32m │[0m
    [32m╰──────────────────────────────────────────────────────────────────────────╯[0m

    paragraph

    [32m╭──────────────────────────────────────────────────────────────────────────╮[0m
    [32m│ [0mmore code                                                               [32m │[0m
    [32m╰──────────────────────────────────────────────────────────────────────────╯[0m
