---
source: tests/render.rs
assertion_line: 115
expression: "render_to_string(markdown_file, &ansi_settings)"
input_file: tests/markdown/commonmark-spec/313-lists.md
---
 1. a

 2. b

[32m╭──────────────────────────────────────────────────────────────────────────────╮[0m
[32m│ [0m3. c                                                                        [32m │[0m
[32m╰──────────────────────────────────────────────────────────────────────────────╯[0m
