---
source: tests/render.rs
assertion_line: 115
expression: "render_to_string(markdown_file, &ansi_settings)"
input_file: tests/markdown/commonmark-spec/191-html_blocks.md
---
[32m<table>
[0m
[32m  [0m[32m<tr>
[0m
[32m╭──────────────────────────────────────────────────────────────────────────────╮[0m
[32m│ [0m<td>                                                                        [32m │[0m
[32m│ [0m  Hi                                                                        [32m │[0m
[32m│ [0m</td>                                                                       [32m │[0m
[32m╰──────────────────────────────────────────────────────────────────────────────╯[0m

[32m  [0m[32m</tr>
[0m
[32m</table>
[0m
