---
source: tests/render.rs
assertion_line: 112
expression: "render_to_string(markdown_file, &ansi_settings)"
input_file: tests/markdown/commonmark-spec/103-setext_headings.md
snapshot_kind: text
---
Foo

[1m[34mbar[0m
[1m[34m────────────────────────────────────────────────────────────────────────────────[0m

baz
