---
source: tests/render.rs
assertion_line: 112
expression: "render_to_string(markdown_file, &ansi_settings)"
input_file: tests/markdown/commonmark-spec/110-indented_code_blocks.md
snapshot_kind: text
---
[32m╭──────────────────────────────────────────────────────────────────────────────╮[0m
[32m│ [0m[33m<a/>[0m                                                                        [32m │[0m
[32m│ [0m[33m*hi*[0m                                                                        [32m │[0m
[32m│ [0m[33m[0m                                                                            [32m │[0m
[32m│ [0m[33m- one[0m                                                                       [32m │[0m
[32m╰──────────────────────────────────────────────────────────────────────────────╯[0m
