---
source: tests/render.rs
assertion_line: 112
expression: "render_to_string(markdown_file, &ansi_settings)"
input_file: tests/markdown/commonmark-spec/300-list_items.md
snapshot_kind: text
---
• [1m[34mFoo[0m
[1m[34m════════════════════════════════════════════════════════════════════════════════[0m

• [1m[34mBar[0m
[1m[34m────────────────────────────────────────────────────────────────────────────────[0m
  baz
