---
source: tests/render.rs
assertion_line: 111
expression: "render_to_string(markdown_file, &dumb_settings)"
input_file: tests/markdown/commonmark-spec/215-link_reference_definitions.md
snapshot_kind: text
---
bar
════════════════════════════════════════════════════════════════════════════════

foo[1]

[1]: /url
