---
source: tests/render.rs
assertion_line: 113
expression: "render_to_string(markdown_file, &iterm2_settings)"
input_file: tests/markdown/commonmark-spec/010-tabs.md
snapshot_kind: text
---
]1337;SetMark\[1m[34mFoo[0m
[1m[34m════════════════════════════════════════════════════════════════════════════════[0m
