---
source: tests/render.rs
assertion_line: 116
expression: "render_to_string(markdown_file, &iterm2_settings)"
input_file: tests/markdown/commonmark-spec/111-indented_code_blocks.md
---
[32m╭──────────────────────────────────────────────────────────────────────────────╮[0m
[32m│ [0mchunk1                                                                      [32m │[0m
[32m│ [0m                                                                            [32m │[0m
[32m│ [0mchunk2                                                                      [32m │[0m
[32m│ [0m                                                                            [32m │[0m
[32m│ [0m                                                                            [32m │[0m
[32m│ [0m                                                                            [32m │[0m
[32m│ [0mchunk3                                                                      [32m │[0m
[32m╰──────────────────────────────────────────────────────────────────────────────╯[0m
