---
source: tests/render.rs
assertion_line: 116
expression: "render_to_string(markdown_file, &iterm2_settings)"
input_file: tests/markdown/commonmark-spec/288-list_items.md
---
 1. A paragraph with two lines.

    [32m╭──────────────────────────────────────────────────────────────────────────╮[0m
    [32m│ [0mindented code                                                           [32m │[0m
    [32m╰──────────────────────────────────────────────────────────────────────────╯[0m

    [90m▌ [0m[3mA block quote.[0m
