---
source: tests/render.rs
assertion_line: 116
expression: "render_to_string(markdown_file, &iterm2_settings)"
input_file: tests/markdown/commonmark-spec/115-indented_code_blocks.md
---
]1337;SetMark\[1m[34mHeading[0m
[1m[34m════════════════════════════════════════════════════════════════════════════════[0m

[32m╭──────────────────────────────────────────────────────────────────────────────╮[0m
[32m│ [0mfoo                                                                         [32m │[0m
[32m╰──────────────────────────────────────────────────────────────────────────────╯[0m

]1337;SetMark\[1m[34mHeading[0m
[1m[34m────────────────────────────────────────────────────────────────────────────────[0m

[32m╭──────────────────────────────────────────────────────────────────────────────╮[0m
[32m│ [0mfoo                                                                         [32m │[0m
[32m╰──────────────────────────────────────────────────────────────────────────────╯[0m

[32m════════════════════════════════════════════════════════════════════════════════[0m
