---
source: tests/render.rs
assertion_line: 116
expression: "render_to_string(markdown_file, &iterm2_settings)"
input_file: tests/markdown/commonmark-spec/119-fenced_code_blocks.md
---
[32m╭──────────────────────────────────────────────────────────────────────────────╮[0m
[32m│ [0m<                                                                           [32m │[0m
[32m│ [0m >                                                                          [32m │[0m
[32m╰──────────────────────────────────────────────────────────────────────────────╯[0m
