---
source: tests/render.rs
assertion_line: 113
expression: "render_to_string(markdown_file, &iterm2_settings)"
input_file: tests/markdown/commonmark-spec/231-block_quotes.md
snapshot_kind: text
---
[32m╭──────────────────────────────────────────────────────────────────────────────╮[0m
[32m│ [0m[33m> # Foo[0m                                                                     [32m │[0m
[32m│ [0m[33m> bar[0m                                                                       [32m │[0m
[32m│ [0m[33m> baz[0m                                                                       [32m │[0m
[32m╰──────────────────────────────────────────────────────────────────────────────╯[0m
