---
source: tests/render.rs
assertion_line: 116
expression: "render_to_string(markdown_file, &iterm2_settings)"
input_file: tests/markdown/commonmark-spec/140-fenced_code_blocks.md
---
foo

[32m╭──────────────────────────────────────────────────────────────────────────────╮[0m
[32m│ [0mbar                                                                         [32m │[0m
[32m╰──────────────────────────────────────────────────────────────────────────────╯[0m

baz
